../Core/Src/main.c:35:5:main	8	static
../Core/Src/main.c:52:6:DMA2_Init	32	static
../Core/Src/main.c:71:6:USART1_IRQHandler	16	static
../Core/Src/main.c:77:9:get_color	8	static
../Core/Src/main.c:85:9:get_state	8	static
../Core/Src/main.c:91:6:clear_string	8	static
../Core/Src/main.c:97:6:is_done	16	static
../Core/Src/main.c:106:6:USART_send_char	24	static
../Core/Src/main.c:115:6:USART_send_string	152	static
../Core/Src/main.c:129:6:ctrl_LED	24	static
../Core/Src/main.c:142:6:LED_Init	16	static
../Core/Src/main.c:150:6:USART_Init	40	static
