../Core/Src/main.c:30:5:main	16	static
../Core/Src/main.c:47:6:USART1_IRQHandler	16	static
../Core/Src/main.c:53:9:get_color	8	static
../Core/Src/main.c:61:9:get_state	8	static
../Core/Src/main.c:67:6:clear_string	8	static
../Core/Src/main.c:73:6:is_done	16	static
../Core/Src/main.c:82:6:ctrl_LED	24	static
../Core/Src/main.c:95:6:LED_Init	16	static
../Core/Src/main.c:103:6:USART_send_char	24	static
../Core/Src/main.c:112:6:USART_send_string	24	static
../Core/Src/main.c:121:6:USART_Init	40	static
